2026-07-13 01:14:39.680 -06:00 [ERR] 
EventId    :4481-260713011439
ErrorList  :The association between entities 'MenuProducto' and 'MenuDetalleProducto' with the key value '{IdMenuProducto: 5}' has been severed, but the relationship is either marked as required or is implicitly required because the foreign key is not nullable. If the dependent/child entity should be deleted when a required relationship is severed, configure the relationship to use cascade deletes.
StackTrace :   at Microsoft.EntityFrameworkCore.ChangeTracking.Internal.InternalEntityEntry.HandleConceptualNulls(Boolean sensitiveLoggingEnabled, Boolean force, Boolean isCascadeDelete)
   at Microsoft.EntityFrameworkCore.ChangeTracking.Internal.InternalEntityEntry.HandleNullForeignKey(IProperty property, Boolean setModified, Boolean isCascadeDelete)
   at Microsoft.EntityFrameworkCore.ChangeTracking.Internal.InternalEntityEntry.SetProperty(IPropertyBase propertyBase, Object value, Boolean isMaterialization, Boolean setModified, Boolean isCascadeDelete, CurrentValueType valueType)
   at Microsoft.EntityFrameworkCore.ChangeTracking.Internal.InternalEntityEntry.SetProperty(IPropertyBase propertyBase, Object value, Boolean isMaterialization, Boolean setModified, Boolean isCascadeDelete)
   at Microsoft.EntityFrameworkCore.ChangeTracking.Internal.InternalEntityEntry.set_Item(IPropertyBase propertyBase, Object value)
   at Microsoft.EntityFrameworkCore.ChangeTracking.Internal.NavigationFixer.ConditionallyNullForeignKeyProperties(InternalEntityEntry dependentEntry, InternalEntityEntry principalEntry, IForeignKey foreignKey)
   at Microsoft.EntityFrameworkCore.ChangeTracking.Internal.NavigationFixer.NavigationCollectionChanged(InternalEntityEntry entry, INavigationBase navigationBase, IEnumerable`1 added, IEnumerable`1 removed)
   at Microsoft.EntityFrameworkCore.ChangeTracking.Internal.InternalEntityEntryNotifier.NavigationCollectionChanged(InternalEntityEntry entry, INavigationBase navigationBase, IEnumerable`1 added, IEnumerable`1 removed)
   at Microsoft.EntityFrameworkCore.ChangeTracking.Internal.ChangeDetector.DetectNavigationChange(InternalEntityEntry entry, INavigationBase navigationBase)
   at Microsoft.EntityFrameworkCore.ChangeTracking.Internal.ChangeDetector.LocalDetectChanges(InternalEntityEntry entry)
   at Microsoft.EntityFrameworkCore.ChangeTracking.Internal.ChangeDetector.DetectChanges(IStateManager stateManager)
   at Microsoft.EntityFrameworkCore.ChangeTracking.ChangeTracker.DetectChanges()
   at Microsoft.EntityFrameworkCore.DbContext.TryDetectChanges()
   at Microsoft.EntityFrameworkCore.DbContext.SaveChangesAsync(Boolean acceptAllChangesOnSuccess, CancellationToken cancellationToken)
   at Amaretto.Infraestructure.Repository.Implementations.RepositoryMenuProducto.UpdateAsync(MenuProducto entity, String[] selectedProductos) in C:\Users\keyli\Downloads\Amaretto_Cakes\Amaretto_Cakes\Amaretto.Infraestructure\Repository\Implementations\RepositoryMenuProducto.cs:line 89
   at Amaretto.Application.Services.Implementations.ServiceMenuProducto.UpdateAsync(Int32 id, MenuProductoDTO dto, String[] selectedProductos) in C:\Users\keyli\Downloads\Amaretto_Cakes\Amaretto_Cakes\Amaretto.Application\Services\Implementations\ServiceMenuProducto.cs:line 52
   at Amaretto.Web.Controllers.MenuProductoController.Edit(Int32 id, MenuProductoDTO dto, String[] selectedProductos) in C:\Users\keyli\Downloads\Amaretto_Cakes\Amaretto_Cakes\Amaretto.Web\Controllers\MenuProductoController.cs:line 141
   at Microsoft.AspNetCore.Mvc.Infrastructure.ActionMethodExecutor.TaskOfIActionResultExecutor.Execute(ActionContext actionContext, IActionResultTypeMapper mapper, ObjectMethodExecutor executor, Object controller, Object[] arguments)
   at Microsoft.AspNetCore.Mvc.Infrastructure.ControllerActionInvoker.<InvokeActionMethodAsync>g__Logged|12_1(ControllerActionInvoker invoker)
   at Microsoft.AspNetCore.Mvc.Infrastructure.ControllerActionInvoker.<InvokeNextActionFilterAsync>g__Awaited|10_0(ControllerActionInvoker invoker, Task lastTask, State next, Scope scope, Object state, Boolean isCompleted)
   at Microsoft.AspNetCore.Mvc.Infrastructure.ControllerActionInvoker.Rethrow(ActionExecutedContextSealed context)
   at Microsoft.AspNetCore.Mvc.Infrastructure.ControllerActionInvoker.Next(State& next, Scope& scope, Object& state, Boolean& isCompleted)
   at Microsoft.AspNetCore.Mvc.Infrastructure.ControllerActionInvoker.<InvokeInnerFilterAsync>g__Awaited|13_0(ControllerActionInvoker invoker, Task lastTask, State next, Scope scope, Object state, Boolean isCompleted)
   at Microsoft.AspNetCore.Mvc.Infrastructure.ResourceInvoker.<InvokeNextResourceFilter>g__Awaited|25_0(ResourceInvoker invoker, Task lastTask, State next, Scope scope, Object state, Boolean isCompleted)
   at Microsoft.AspNetCore.Mvc.Infrastructure.ResourceInvoker.Rethrow(ResourceExecutedContextSealed context)
   at Microsoft.AspNetCore.Mvc.Infrastructure.ResourceInvoker.Next(State& next, Scope& scope, Object& state, Boolean& isCompleted)
   at Microsoft.AspNetCore.Mvc.Infrastructure.ResourceInvoker.<InvokeFilterPipelineAsync>g__Awaited|20_0(ResourceInvoker invoker, Task lastTask, State next, Scope scope, Object state, Boolean isCompleted)
   at Microsoft.AspNetCore.Mvc.Infrastructure.ResourceInvoker.<InvokeAsync>g__Logged|17_1(ResourceInvoker invoker)
   at Microsoft.AspNetCore.Mvc.Infrastructure.ResourceInvoker.<InvokeAsync>g__Logged|17_1(ResourceInvoker invoker)
   at Microsoft.AspNetCore.Authorization.AuthorizationMiddleware.Invoke(HttpContext context)
   at Serilog.AspNetCore.RequestLoggingMiddleware.Invoke(HttpContext httpContext)
   at Amaretto.Web.Middleware.ErrorHandlingMiddleware.Invoke(HttpContext context) in C:\Users\keyli\Downloads\Amaretto_Cakes\Amaretto_Cakes\Amaretto.Web\Middleware\ErrorHandlingMiddleware.cs:line 24

